###############################################################################
#
# IAR ELF Linker V9.20.4.327/W64 for ARM                  30/Apr/2022  10:20:02
# Copyright 2007-2022 IAR Systems AB.
#
#    Output file  =
#        C:\STM32Cube_FW_WL_V1.2.0\Projects\NUCLEO-WL55JC\Applications\SubGHz_Phy\SubGHz_Phy_Basic_LoRa\EWARM\SubGHz_Phy_Basic_LoRa\Exe\SubGHz_Phy_Basic_LoRa.out
#    Map file     =
#        C:\STM32Cube_FW_WL_V1.2.0\Projects\NUCLEO-WL55JC\Applications\SubGHz_Phy\SubGHz_Phy_Basic_LoRa\EWARM\SubGHz_Phy_Basic_LoRa\List\SubGHz_Phy_Basic_LoRa.map
#    Command line =
#        -f
#        C:\STM32Cube_FW_WL_V1.2.0\Projects\NUCLEO-WL55JC\Applications\SubGHz_Phy\SubGHz_Phy_Basic_LoRa\EWARM\SubGHz_Phy_Basic_LoRa\Exe\SubGHz_Phy_Basic_LoRa.out.rsp
#        (C:\STM32Cube_FW_WL_V1.2.0\Projects\NUCLEO-WL55JC\Applications\SubGHz_Phy\SubGHz_Phy_Basic_LoRa\EWARM\SubGHz_Phy_Basic_LoRa\Obj\Application\User\SubGHz_Phy\App\app_subghz_phy.o
#        C:\STM32Cube_FW_WL_V1.2.0\Projects\NUCLEO-WL55JC\Applications\SubGHz_Phy\SubGHz_Phy_Basic_LoRa\EWARM\SubGHz_Phy_Basic_LoRa\Obj\Application\User\Core\dma.o
#        C:\STM32Cube_FW_WL_V1.2.0\Projects\NUCLEO-WL55JC\Applications\SubGHz_Phy\SubGHz_Phy_Basic_LoRa\EWARM\SubGHz_Phy_Basic_LoRa\Obj\Application\User\Core\gpio.o
#        C:\STM32Cube_FW_WL_V1.2.0\Projects\NUCLEO-WL55JC\Applications\SubGHz_Phy\SubGHz_Phy_Basic_LoRa\EWARM\SubGHz_Phy_Basic_LoRa\Obj\Application\User\Core\main.o
#        C:\STM32Cube_FW_WL_V1.2.0\Projects\NUCLEO-WL55JC\Applications\SubGHz_Phy\SubGHz_Phy_Basic_LoRa\EWARM\SubGHz_Phy_Basic_LoRa\Obj\Middlewares\SubGHz_Phy\radio.o
#        C:\STM32Cube_FW_WL_V1.2.0\Projects\NUCLEO-WL55JC\Applications\SubGHz_Phy\SubGHz_Phy_Basic_LoRa\EWARM\SubGHz_Phy_Basic_LoRa\Obj\Application\User\SubGHz_Phy\Target\radio_board_if.o
#        C:\STM32Cube_FW_WL_V1.2.0\Projects\NUCLEO-WL55JC\Applications\SubGHz_Phy\SubGHz_Phy_Basic_LoRa\EWARM\SubGHz_Phy_Basic_LoRa\Obj\Middlewares\SubGHz_Phy\radio_driver.o
#        C:\STM32Cube_FW_WL_V1.2.0\Projects\NUCLEO-WL55JC\Applications\SubGHz_Phy\SubGHz_Phy_Basic_LoRa\EWARM\SubGHz_Phy_Basic_LoRa\Obj\Middlewares\SubGHz_Phy\radio_fw.o
#        C:\STM32Cube_FW_WL_V1.2.0\Projects\NUCLEO-WL55JC\Applications\SubGHz_Phy\SubGHz_Phy_Basic_LoRa\EWARM\SubGHz_Phy_Basic_LoRa\Obj\Application\User\Core\rtc.o
#        C:\STM32Cube_FW_WL_V1.2.0\Projects\NUCLEO-WL55JC\Applications\SubGHz_Phy\SubGHz_Phy_Basic_LoRa\EWARM\SubGHz_Phy_Basic_LoRa\Obj\Application\EWARM\startup_stm32wl55xx_cm4.o
#        C:\STM32Cube_FW_WL_V1.2.0\Projects\NUCLEO-WL55JC\Applications\SubGHz_Phy\SubGHz_Phy_Basic_LoRa\EWARM\SubGHz_Phy_Basic_LoRa\Obj\Utilities\stm32_adv_trace.o
#        C:\STM32Cube_FW_WL_V1.2.0\Projects\NUCLEO-WL55JC\Applications\SubGHz_Phy\SubGHz_Phy_Basic_LoRa\EWARM\SubGHz_Phy_Basic_LoRa\Obj\Utilities\stm32_lpm.o
#        C:\STM32Cube_FW_WL_V1.2.0\Projects\NUCLEO-WL55JC\Applications\SubGHz_Phy\SubGHz_Phy_Basic_LoRa\EWARM\SubGHz_Phy_Basic_LoRa\Obj\Application\User\Core\stm32_lpm_if.o
#        C:\STM32Cube_FW_WL_V1.2.0\Projects\NUCLEO-WL55JC\Applications\SubGHz_Phy\SubGHz_Phy_Basic_LoRa\EWARM\SubGHz_Phy_Basic_LoRa\Obj\Utilities\stm32_mem.o
#        C:\STM32Cube_FW_WL_V1.2.0\Projects\NUCLEO-WL55JC\Applications\SubGHz_Phy\SubGHz_Phy_Basic_LoRa\EWARM\SubGHz_Phy_Basic_LoRa\Obj\Utilities\stm32_seq.o
#        C:\STM32Cube_FW_WL_V1.2.0\Projects\NUCLEO-WL55JC\Applications\SubGHz_Phy\SubGHz_Phy_Basic_LoRa\EWARM\SubGHz_Phy_Basic_LoRa\Obj\Utilities\stm32_systime.o
#        C:\STM32Cube_FW_WL_V1.2.0\Projects\NUCLEO-WL55JC\Applications\SubGHz_Phy\SubGHz_Phy_Basic_LoRa\EWARM\SubGHz_Phy_Basic_LoRa\Obj\Utilities\stm32_timer.o
#        C:\STM32Cube_FW_WL_V1.2.0\Projects\NUCLEO-WL55JC\Applications\SubGHz_Phy\SubGHz_Phy_Basic_LoRa\EWARM\SubGHz_Phy_Basic_LoRa\Obj\Utilities\stm32_tiny_sscanf.o
#        C:\STM32Cube_FW_WL_V1.2.0\Projects\NUCLEO-WL55JC\Applications\SubGHz_Phy\SubGHz_Phy_Basic_LoRa\EWARM\SubGHz_Phy_Basic_LoRa\Obj\Utilities\stm32_tiny_vsnprintf.o
#        C:\STM32Cube_FW_WL_V1.2.0\Projects\NUCLEO-WL55JC\Applications\SubGHz_Phy\SubGHz_Phy_Basic_LoRa\EWARM\SubGHz_Phy_Basic_LoRa\Obj\Drivers\STM32WLxx_HAL_Driver\stm32wlxx_hal.o
#        C:\STM32Cube_FW_WL_V1.2.0\Projects\NUCLEO-WL55JC\Applications\SubGHz_Phy\SubGHz_Phy_Basic_LoRa\EWARM\SubGHz_Phy_Basic_LoRa\Obj\Drivers\STM32WLxx_HAL_Driver\stm32wlxx_hal_cortex.o
#        C:\STM32Cube_FW_WL_V1.2.0\Projects\NUCLEO-WL55JC\Applications\SubGHz_Phy\SubGHz_Phy_Basic_LoRa\EWARM\SubGHz_Phy_Basic_LoRa\Obj\Drivers\STM32WLxx_HAL_Driver\stm32wlxx_hal_dma.o
#        C:\STM32Cube_FW_WL_V1.2.0\Projects\NUCLEO-WL55JC\Applications\SubGHz_Phy\SubGHz_Phy_Basic_LoRa\EWARM\SubGHz_Phy_Basic_LoRa\Obj\Drivers\STM32WLxx_HAL_Driver\stm32wlxx_hal_dma_ex.o
#        C:\STM32Cube_FW_WL_V1.2.0\Projects\NUCLEO-WL55JC\Applications\SubGHz_Phy\SubGHz_Phy_Basic_LoRa\EWARM\SubGHz_Phy_Basic_LoRa\Obj\Drivers\STM32WLxx_HAL_Driver\stm32wlxx_hal_exti.o
#        C:\STM32Cube_FW_WL_V1.2.0\Projects\NUCLEO-WL55JC\Applications\SubGHz_Phy\SubGHz_Phy_Basic_LoRa\EWARM\SubGHz_Phy_Basic_LoRa\Obj\Drivers\STM32WLxx_HAL_Driver\stm32wlxx_hal_flash.o
#        C:\STM32Cube_FW_WL_V1.2.0\Projects\NUCLEO-WL55JC\Applications\SubGHz_Phy\SubGHz_Phy_Basic_LoRa\EWARM\SubGHz_Phy_Basic_LoRa\Obj\Drivers\STM32WLxx_HAL_Driver\stm32wlxx_hal_flash_ex.o
#        C:\STM32Cube_FW_WL_V1.2.0\Projects\NUCLEO-WL55JC\Applications\SubGHz_Phy\SubGHz_Phy_Basic_LoRa\EWARM\SubGHz_Phy_Basic_LoRa\Obj\Drivers\STM32WLxx_HAL_Driver\stm32wlxx_hal_gpio.o
#        C:\STM32Cube_FW_WL_V1.2.0\Projects\NUCLEO-WL55JC\Applications\SubGHz_Phy\SubGHz_Phy_Basic_LoRa\EWARM\SubGHz_Phy_Basic_LoRa\Obj\Application\User\Core\stm32wlxx_hal_msp.o
#        C:\STM32Cube_FW_WL_V1.2.0\Projects\NUCLEO-WL55JC\Applications\SubGHz_Phy\SubGHz_Phy_Basic_LoRa\EWARM\SubGHz_Phy_Basic_LoRa\Obj\Drivers\STM32WLxx_HAL_Driver\stm32wlxx_hal_pwr.o
#        C:\STM32Cube_FW_WL_V1.2.0\Projects\NUCLEO-WL55JC\Applications\SubGHz_Phy\SubGHz_Phy_Basic_LoRa\EWARM\SubGHz_Phy_Basic_LoRa\Obj\Drivers\STM32WLxx_HAL_Driver\stm32wlxx_hal_pwr_ex.o
#        C:\STM32Cube_FW_WL_V1.2.0\Projects\NUCLEO-WL55JC\Applications\SubGHz_Phy\SubGHz_Phy_Basic_LoRa\EWARM\SubGHz_Phy_Basic_LoRa\Obj\Drivers\STM32WLxx_HAL_Driver\stm32wlxx_hal_rcc.o
#        C:\STM32Cube_FW_WL_V1.2.0\Projects\NUCLEO-WL55JC\Applications\SubGHz_Phy\SubGHz_Phy_Basic_LoRa\EWARM\SubGHz_Phy_Basic_LoRa\Obj\Drivers\STM32WLxx_HAL_Driver\stm32wlxx_hal_rcc_ex.o
#        C:\STM32Cube_FW_WL_V1.2.0\Projects\NUCLEO-WL55JC\Applications\SubGHz_Phy\SubGHz_Phy_Basic_LoRa\EWARM\SubGHz_Phy_Basic_LoRa\Obj\Drivers\STM32WLxx_HAL_Driver\stm32wlxx_hal_rtc.o
#        C:\STM32Cube_FW_WL_V1.2.0\Projects\NUCLEO-WL55JC\Applications\SubGHz_Phy\SubGHz_Phy_Basic_LoRa\EWARM\SubGHz_Phy_Basic_LoRa\Obj\Drivers\STM32WLxx_HAL_Driver\stm32wlxx_hal_rtc_ex.o
#        C:\STM32Cube_FW_WL_V1.2.0\Projects\NUCLEO-WL55JC\Applications\SubGHz_Phy\SubGHz_Phy_Basic_LoRa\EWARM\SubGHz_Phy_Basic_LoRa\Obj\Drivers\STM32WLxx_HAL_Driver\stm32wlxx_hal_subghz.o
#        C:\STM32Cube_FW_WL_V1.2.0\Projects\NUCLEO-WL55JC\Applications\SubGHz_Phy\SubGHz_Phy_Basic_LoRa\EWARM\SubGHz_Phy_Basic_LoRa\Obj\Drivers\STM32WLxx_HAL_Driver\stm32wlxx_hal_tim.o
#        C:\STM32Cube_FW_WL_V1.2.0\Projects\NUCLEO-WL55JC\Applications\SubGHz_Phy\SubGHz_Phy_Basic_LoRa\EWARM\SubGHz_Phy_Basic_LoRa\Obj\Drivers\STM32WLxx_HAL_Driver\stm32wlxx_hal_tim_ex.o
#        C:\STM32Cube_FW_WL_V1.2.0\Projects\NUCLEO-WL55JC\Applications\SubGHz_Phy\SubGHz_Phy_Basic_LoRa\EWARM\SubGHz_Phy_Basic_LoRa\Obj\Drivers\STM32WLxx_HAL_Driver\stm32wlxx_hal_uart.o
#        C:\STM32Cube_FW_WL_V1.2.0\Projects\NUCLEO-WL55JC\Applications\SubGHz_Phy\SubGHz_Phy_Basic_LoRa\EWARM\SubGHz_Phy_Basic_LoRa\Obj\Drivers\STM32WLxx_HAL_Driver\stm32wlxx_hal_uart_ex.o
#        C:\STM32Cube_FW_WL_V1.2.0\Projects\NUCLEO-WL55JC\Applications\SubGHz_Phy\SubGHz_Phy_Basic_LoRa\EWARM\SubGHz_Phy_Basic_LoRa\Obj\Application\User\Core\stm32wlxx_it.o
#        C:\STM32Cube_FW_WL_V1.2.0\Projects\NUCLEO-WL55JC\Applications\SubGHz_Phy\SubGHz_Phy_Basic_LoRa\EWARM\SubGHz_Phy_Basic_LoRa\Obj\Drivers\BSP\STM32WLxx_Nucleo\stm32wlxx_nucleo.o
#        C:\STM32Cube_FW_WL_V1.2.0\Projects\NUCLEO-WL55JC\Applications\SubGHz_Phy\SubGHz_Phy_Basic_LoRa\EWARM\SubGHz_Phy_Basic_LoRa\Obj\Drivers\BSP\STM32WLxx_Nucleo\stm32wlxx_nucleo_radio.o
#        C:\STM32Cube_FW_WL_V1.2.0\Projects\NUCLEO-WL55JC\Applications\SubGHz_Phy\SubGHz_Phy_Basic_LoRa\EWARM\SubGHz_Phy_Basic_LoRa\Obj\Application\User\Core\subghz.o
#        C:\STM32Cube_FW_WL_V1.2.0\Projects\NUCLEO-WL55JC\Applications\SubGHz_Phy\SubGHz_Phy_Basic_LoRa\EWARM\SubGHz_Phy_Basic_LoRa\Obj\Application\User\SubGHz_Phy\App\subghz_phy_app.o
#        C:\STM32Cube_FW_WL_V1.2.0\Projects\NUCLEO-WL55JC\Applications\SubGHz_Phy\SubGHz_Phy_Basic_LoRa\EWARM\SubGHz_Phy_Basic_LoRa\Obj\Application\User\Core\sys_app.o
#        C:\STM32Cube_FW_WL_V1.2.0\Projects\NUCLEO-WL55JC\Applications\SubGHz_Phy\SubGHz_Phy_Basic_LoRa\EWARM\SubGHz_Phy_Basic_LoRa\Obj\Application\User\Core\sys_debug.o
#        C:\STM32Cube_FW_WL_V1.2.0\Projects\NUCLEO-WL55JC\Applications\SubGHz_Phy\SubGHz_Phy_Basic_LoRa\EWARM\SubGHz_Phy_Basic_LoRa\Obj\Drivers\CMSIS\system_stm32wlxx.o
#        C:\STM32Cube_FW_WL_V1.2.0\Projects\NUCLEO-WL55JC\Applications\SubGHz_Phy\SubGHz_Phy_Basic_LoRa\EWARM\SubGHz_Phy_Basic_LoRa\Obj\Application\User\Core\timer_if.o
#        C:\STM32Cube_FW_WL_V1.2.0\Projects\NUCLEO-WL55JC\Applications\SubGHz_Phy\SubGHz_Phy_Basic_LoRa\EWARM\SubGHz_Phy_Basic_LoRa\Obj\Application\User\Core\usart.o
#        C:\STM32Cube_FW_WL_V1.2.0\Projects\NUCLEO-WL55JC\Applications\SubGHz_Phy\SubGHz_Phy_Basic_LoRa\EWARM\SubGHz_Phy_Basic_LoRa\Obj\Application\User\Core\usart_if.o
#        --redirect _Printf=_PrintfFull --redirect _Scanf=_ScanfFull
#        --no_out_extension -o
#        C:\STM32Cube_FW_WL_V1.2.0\Projects\NUCLEO-WL55JC\Applications\SubGHz_Phy\SubGHz_Phy_Basic_LoRa\EWARM\SubGHz_Phy_Basic_LoRa\Exe\SubGHz_Phy_Basic_LoRa.out
#        --map
#        C:\STM32Cube_FW_WL_V1.2.0\Projects\NUCLEO-WL55JC\Applications\SubGHz_Phy\SubGHz_Phy_Basic_LoRa\EWARM\SubGHz_Phy_Basic_LoRa\List\SubGHz_Phy_Basic_LoRa.map
#        --config
#        C:\STM32Cube_FW_WL_V1.2.0\Projects\NUCLEO-WL55JC\Applications\SubGHz_Phy\SubGHz_Phy_Basic_LoRa\EWARM/stm32wl55xx_flash_cm4.icf
#        --semihosting --entry __iar_program_start --vfe --text_out locale)
#
###############################################################################

*******************************************************************************
*** RUNTIME MODEL ATTRIBUTES
***

CppFlavor       = *
__CPP_Runtime   = 1
__SystemLibrary = DLib
__dlib_version  = 6


*******************************************************************************
*** HEAP SELECTION
***

The basic heap was selected because no calls to memory allocation
functions were found in the application outside of system library
functions, and there are calls to deallocation functions in the
application.


*******************************************************************************
*** PLACEMENT SUMMARY
***

"A0":  place at address 0x800'0000 { ro section .intvec };
"P1":  place in [from 0x800'0000 to 0x803'ffff] { ro };
define block CSTACK with size = 2K, alignment = 8 { };
define block HEAP with size = 512, alignment = 8 { };
"P2":  place in [from 0x2000'0000 to 0x2000'7fff] {
          rw, block CSTACK, block HEAP };
initialize by copy { rw };

  Section            Kind         Address    Size  Object
  -------            ----         -------    ----  ------
"A0":                                       0x138
  .intvec            ro code   0x800'0000   0x138  startup_stm32wl55xx_cm4.o [1]
                             - 0x800'0138   0x138

"P1":                                      0x6611
  .text              ro code   0x800'0138  0x1389  radio.o [8]
  .text              ro code   0x800'14c2    0x3a  packbits_init_single.o [11]
  .text              ro code   0x800'14fc   0xa04  radio_driver.o [8]
  .text              ro code   0x800'1f00    0xc0  sys_app.o [2]
  .text              ro code   0x800'1fc0   0x26c  stm32_timer.o [9]
  .text              ro code   0x800'222c    0x24  radio_fw.o [8]
  .text              ro code   0x800'2250    0x18  ABImemcpy_small.o [11]
  .text              ro code   0x800'2268   0x270  stm32_adv_trace.o [9]
  .text              ro code   0x800'24d8    0x24  stm32_mem.o [9]
  .text              ro code   0x800'24fc    0x4c  subghz.o [2]
  .text              ro code   0x800'2548    0x18  radio_board_if.o [4]
  .text              ro code   0x800'2560   0x106  I64DivMod_small.o [11]
  .text              ro code   0x800'2668     0x6  ABImemclr4.o [11]
  .text              ro code   0x800'2670   0x4fc  stm32wlxx_hal_subghz.o [7]
  .text              ro code   0x800'2b6c    0x8c  sys_debug.o [2]
  .text              ro code   0x800'2bf8    0x4c  stm32_lpm.o [9]
  .text              ro code   0x800'2c44    0xac  stm32_systime.o [9]
  .text              ro code   0x800'2cf0    0x14  strlen_small.o [11]
  .text              ro code   0x800'2d04   0x254  stm32_tiny_vsnprintf.o [9]
  .text              ro code   0x800'2f58   0x1b4  timer_if.o [2]
  .text              ro code   0x800'310c    0x12  ABImemset_small.o [11]
  .text              ro code   0x800'3120    0xd8  main.o [2]
  .text              ro code   0x800'31f8    0xbc  stm32wlxx_hal_cortex.o [7]
  .text              ro code   0x800'32b4    0xee  stm32wlxx_nucleo_radio.o [5]
  .text              ro code   0x800'33a4     0x2  I64DivZer.o [11]
  .text              ro code   0x800'33a8    0x32  ABImemset48.o [11]
  .text              ro code   0x800'33da    0x14  memset.o [11]
  .text              ro code   0x800'33f0    0x54  stm32wlxx_hal.o [7]
  .text              ro code   0x800'3444   0x2b4  stm32wlxx_hal_gpio.o [7]
  .text              ro code   0x800'36f8    0xe8  rtc.o [2]
  .text              ro code   0x800'37e0   0x38a  stm32wlxx_hal_rtc.o [7]
  .text              ro code   0x800'3b6c    0xc0  stm32wlxx_hal_rtc_ex.o [7]
  .text              ro code   0x800'3c2c    0x1c  stm32wlxx_hal_pwr.o [7]
  .text              ro code   0x800'3c48    0xf6  gpio.o [2]
  .text              ro code   0x800'3d3e    0x16  app_subghz_phy.o [3]
  .text              ro code   0x800'3d54   0x860  stm32wlxx_hal_rcc.o [7]
  .text              ro code   0x800'45b4     0x2  stm32wlxx_hal_msp.o [2]
  .text              ro code   0x800'45b6     0x2  stm32wlxx_hal_gpio.o [7]
  .text              ro code   0x800'45b8   0x1b0  stm32wlxx_hal_rcc_ex.o [7]
  .text              ro code   0x800'4768     0x2  stm32wlxx_hal_rtc_ex.o [7]
  .text              ro code   0x800'476c   0x19c  subghz_phy_app.o [3]
  .text              ro code   0x800'4908   0x164  stm32_seq.o [9]
  .text              ro code   0x800'4a6c    0x10  stm32wlxx_hal_pwr_ex.o [7]
  .text              ro code   0x800'4a7c     0x2  stm32_seq.o [9]
  .text              ro code   0x800'4a7e     0x2  stm32_seq.o [9]
  .text              ro code   0x800'4a80   0xf12  stm32wlxx_hal_uart.o [7]
  .text              ro code   0x800'5994   0x178  usart.o [2]
  .text              ro code   0x800'5b0c   0x488  stm32wlxx_hal_dma.o [7]
  .text              ro code   0x800'5f94     0x2  stm32wlxx_hal_uart.o [7]
  .text              ro code   0x800'5f96     0x2  stm32wlxx_hal_uart.o [7]
  .text              ro code   0x800'5f98     0x2  stm32wlxx_hal_uart_ex.o [7]
  .text              ro code   0x800'5f9c    0xec  usart_if.o [2]
  .text              ro code   0x800'6088     0x2  stm32wlxx_hal_uart_ex.o [7]
  .text              ro code   0x800'608a     0x2  stm32wlxx_hal_uart_ex.o [7]
  .text              ro code   0x800'608c     0x2  stm32wlxx_hal_uart.o [7]
  .text              ro code   0x800'6090   0x1cc  stm32wlxx_hal_uart_ex.o [7]
  .text              ro code   0x800'625c    0x3e  dma.o [2]
  .rodata            const     0x800'629c    0xb0  radio_driver.o [8]
  .rodata            const     0x800'634c    0x84  radio.o [8]
  .rodata            const     0x800'63d0    0x80  system_stm32wlxx.o [6]
  .text              ro code   0x800'6450    0x54  stm32wlxx_it.o [2]
  .rodata            const     0x800'64a4    0x50  stm32_tiny_vsnprintf.o [9]
  .text              ro code   0x800'64f4    0x38  zero_init3.o [11]
  .rodata            const     0x800'652c    0x2c  timer_if.o [2]
  .text              ro code   0x800'6558    0x28  data_init.o [11]
  .iar.init_table    const     0x800'6580    0x20  - Linker created -
  .rodata            const     0x800'65a0    0x20  system_stm32wlxx.o [6]
  .text              ro code   0x800'65c0    0x1e  cmain.o [11]
  .text              ro code   0x800'65de     0x4  low_level_init.o [10]
  .text              ro code   0x800'65e2     0x4  exit.o [10]
  .text              ro code   0x800'65e8     0xa  cexit.o [11]
  .text              ro code   0x800'65f4    0x14  exit.o [12]
  .text              ro code   0x800'6608    0x1c  cstartup_M.o [11]
  .rodata            const     0x800'6624    0x14  timer_if.o [2]
  .rodata            const     0x800'6638    0x10  usart_if.o [2]
  .text              ro code   0x800'6648    0x10  startup_stm32wl55xx_cm4.o [1]
  .text              ro code   0x800'6658     0x4  startup_stm32wl55xx_cm4.o [1]
  .text              ro code   0x800'665c     0x4  startup_stm32wl55xx_cm4.o [1]
  .text              ro code   0x800'6660     0x4  startup_stm32wl55xx_cm4.o [1]
  .text              ro code   0x800'6664     0x4  startup_stm32wl55xx_cm4.o [1]
  .text              ro code   0x800'6668     0x4  startup_stm32wl55xx_cm4.o [1]
  .text              ro code   0x800'666c     0x4  startup_stm32wl55xx_cm4.o [1]
  .text              ro code   0x800'6670     0x4  startup_stm32wl55xx_cm4.o [1]
  .text              ro code   0x800'6674     0x4  startup_stm32wl55xx_cm4.o [1]
  .text              ro code   0x800'6678     0x4  startup_stm32wl55xx_cm4.o [1]
  .text              ro code   0x800'667c     0x4  startup_stm32wl55xx_cm4.o [1]
  .text              ro code   0x800'6680     0x4  startup_stm32wl55xx_cm4.o [1]
  .text              ro code   0x800'6684     0x4  startup_stm32wl55xx_cm4.o [1]
  .text              ro code   0x800'6688     0x4  startup_stm32wl55xx_cm4.o [1]
  .text              ro code   0x800'668c     0x4  startup_stm32wl55xx_cm4.o [1]
  .text              ro code   0x800'6690     0x4  startup_stm32wl55xx_cm4.o [1]
  .text              ro code   0x800'6694     0x4  startup_stm32wl55xx_cm4.o [1]
  .text              ro code   0x800'6698     0x4  startup_stm32wl55xx_cm4.o [1]
  .text              ro code   0x800'669c     0x4  startup_stm32wl55xx_cm4.o [1]
  .text              ro code   0x800'66a0     0x4  startup_stm32wl55xx_cm4.o [1]
  .text              ro code   0x800'66a4     0x4  startup_stm32wl55xx_cm4.o [1]
  .text              ro code   0x800'66a8     0x4  startup_stm32wl55xx_cm4.o [1]
  .text              ro code   0x800'66ac     0x4  startup_stm32wl55xx_cm4.o [1]
  .text              ro code   0x800'66b0     0x4  startup_stm32wl55xx_cm4.o [1]
  .text              ro code   0x800'66b4     0x4  startup_stm32wl55xx_cm4.o [1]
  .text              ro code   0x800'66b8     0x4  startup_stm32wl55xx_cm4.o [1]
  .text              ro code   0x800'66bc     0x4  startup_stm32wl55xx_cm4.o [1]
  .text              ro code   0x800'66c0     0x4  startup_stm32wl55xx_cm4.o [1]
  .text              ro code   0x800'66c4     0x4  startup_stm32wl55xx_cm4.o [1]
  .text              ro code   0x800'66c8     0x4  startup_stm32wl55xx_cm4.o [1]
  .text              ro code   0x800'66cc     0x4  startup_stm32wl55xx_cm4.o [1]
  .text              ro code   0x800'66d0     0x4  startup_stm32wl55xx_cm4.o [1]
  .text              ro code   0x800'66d4     0x4  startup_stm32wl55xx_cm4.o [1]
  .text              ro code   0x800'66d8     0x4  startup_stm32wl55xx_cm4.o [1]
  .text              ro code   0x800'66dc     0x4  startup_stm32wl55xx_cm4.o [1]
  .text              ro code   0x800'66e0     0x4  startup_stm32wl55xx_cm4.o [1]
  .text              ro code   0x800'66e4     0x4  startup_stm32wl55xx_cm4.o [1]
  .text              ro code   0x800'66e8     0x4  startup_stm32wl55xx_cm4.o [1]
  .text              ro code   0x800'66ec     0x4  startup_stm32wl55xx_cm4.o [1]
  .text              ro code   0x800'66f0     0x4  startup_stm32wl55xx_cm4.o [1]
  .text              ro code   0x800'66f4     0x4  startup_stm32wl55xx_cm4.o [1]
  .text              ro code   0x800'66f8     0x4  startup_stm32wl55xx_cm4.o [1]
  .text              ro code   0x800'66fc     0x4  startup_stm32wl55xx_cm4.o [1]
  .text              ro code   0x800'6700     0x4  startup_stm32wl55xx_cm4.o [1]
  .text              ro code   0x800'6704     0x4  startup_stm32wl55xx_cm4.o [1]
  .text              ro code   0x800'6708     0x4  startup_stm32wl55xx_cm4.o [1]
  .text              ro code   0x800'670c     0x4  startup_stm32wl55xx_cm4.o [1]
  .text              ro code   0x800'6710     0x4  startup_stm32wl55xx_cm4.o [1]
  .text              ro code   0x800'6714     0x4  startup_stm32wl55xx_cm4.o [1]
  .text              ro code   0x800'6718     0x4  startup_stm32wl55xx_cm4.o [1]
  .text              ro code   0x800'671c     0x4  startup_stm32wl55xx_cm4.o [1]
  .text              ro code   0x800'6720     0x4  startup_stm32wl55xx_cm4.o [1]
  .text              ro code   0x800'6724     0x4  startup_stm32wl55xx_cm4.o [1]
  .text              ro code   0x800'6728     0x4  startup_stm32wl55xx_cm4.o [1]
  .text              ro code   0x800'672c     0x4  startup_stm32wl55xx_cm4.o [1]
  .text              ro code   0x800'6730     0x2  system_stm32wlxx.o [6]
  .rodata            const     0x800'6732     0x0  zero_init3.o [11]
  .rodata            const     0x800'6732     0x0  packbits_init_single.o [11]
  Initializer bytes  const     0x800'6732    0x17  <for P2-1>
                             - 0x800'6749  0x6611

"P2", part 1 of 3:                           0x4d
  P2-1                        0x2000'0000    0x4d  <Init block>
    .data            inited   0x2000'0000    0x2c  stm32_seq.o [9]
    .data            inited   0x2000'002c     0xc  stm32wlxx_hal.o [7]
    .data            inited   0x2000'0038    0x10  subghz_phy_app.o [3]
    .data            inited   0x2000'0048     0x4  system_stm32wlxx.o [6]
    .data            inited   0x2000'004c     0x1  radio.o [8]
                            - 0x2000'004d    0x4d

"P2", part 2 of 3:                          0x640
  .bss               zero     0x2000'0050   0x318  stm32_adv_trace.o [9]
  .bss               zero     0x2000'0368   0x100  radio.o [8]
  .bss               zero     0x2000'0468    0x90  radio.o [8]
  .bss               zero     0x2000'04f8    0x90  usart.o [2]
  .bss               zero     0x2000'0588    0x60  usart.o [2]
  .bss               zero     0x2000'05e8    0x38  rtc.o [2]
  .bss               zero     0x2000'0620    0x1c  subghz_phy_app.o [3]
  .bss               zero     0x2000'063c    0x18  subghz_phy_app.o [3]
  .bss               zero     0x2000'0654     0xc  subghz.o [2]
  .bss               zero     0x2000'0660     0x8  radio_driver.o [8]
  .bss               zero     0x2000'0668     0x8  radio_driver.o [8]
  .bss               zero     0x2000'0670     0x8  stm32_lpm.o [9]
  .bss               zero     0x2000'0678     0x8  timer_if.o [2]
  .bss               zero     0x2000'0680     0x5  usart_if.o [2]
  .bss               zero     0x2000'0685     0x1  sys_app.o [2]
  .bss               zero     0x2000'0688     0x4  stm32_timer.o [9]
  .bss               zero     0x2000'068c     0x4  usart_if.o [2]
                            - 0x2000'0690   0x640

"P2", part 3 of 3:                          0x800
  CSTACK                      0x2000'0690   0x800  <Block>
    CSTACK           uninit   0x2000'0690   0x800  <Block tail>
                            - 0x2000'0e90   0x800

Unused ranges:

         From           To      Size
         ----           --      ----
   0x800'6749   0x803'ffff  0x3'98b7
  0x2000'004d  0x2000'004f       0x3
  0x2000'0e90  0x2000'7fff    0x7170


*******************************************************************************
*** INIT TABLE
***

          Address      Size
          -------      ----
Zero (__iar_zero_init3)
    1 destination range, total size 0x640:
          0x2000'0050  0x640

Copy/packbits (__iar_packbits_init_single3)
    1 source range, total size 0x17 (29% of destination):
           0x800'6732   0x17
    1 destination range, total size 0x4d:
          0x2000'0000   0x4d



*******************************************************************************
*** MODULE SUMMARY
***

    Module                     ro code  ro data  rw data
    ------                     -------  -------  -------
command line/config:
    ----------------------------------------------------
    Total:

C:\STM32Cube_FW_WL_V1.2.0\Projects\NUCLEO-WL55JC\Applications\SubGHz_Phy\SubGHz_Phy_Basic_LoRa\EWARM\SubGHz_Phy_Basic_LoRa\Obj\Application\EWARM: [1]
    startup_stm32wl55xx_cm4.o      544
    ----------------------------------------------------
    Total:                         544

C:\STM32Cube_FW_WL_V1.2.0\Projects\NUCLEO-WL55JC\Applications\SubGHz_Phy\SubGHz_Phy_Basic_LoRa\EWARM\SubGHz_Phy_Basic_LoRa\Obj\Application\User\Core: [2]
    dma.o                           62
    gpio.o                         246
    main.o                         216
    rtc.o                          232                56
    stm32wlxx_hal_msp.o              2
    stm32wlxx_it.o                  84
    subghz.o                        76                12
    sys_app.o                      192                 1
    sys_debug.o                    140
    timer_if.o                     436       64        8
    usart.o                        376               240
    usart_if.o                     236       16        9
    ----------------------------------------------------
    Total:                       2'298       80      326

C:\STM32Cube_FW_WL_V1.2.0\Projects\NUCLEO-WL55JC\Applications\SubGHz_Phy\SubGHz_Phy_Basic_LoRa\EWARM\SubGHz_Phy_Basic_LoRa\Obj\Application\User\SubGHz_Phy\App: [3]
    app_subghz_phy.o                22
    subghz_phy_app.o               412        5       68
    ----------------------------------------------------
    Total:                         434        5       68

C:\STM32Cube_FW_WL_V1.2.0\Projects\NUCLEO-WL55JC\Applications\SubGHz_Phy\SubGHz_Phy_Basic_LoRa\EWARM\SubGHz_Phy_Basic_LoRa\Obj\Application\User\SubGHz_Phy\Target: [4]
    radio_board_if.o                24
    ----------------------------------------------------
    Total:                          24

C:\STM32Cube_FW_WL_V1.2.0\Projects\NUCLEO-WL55JC\Applications\SubGHz_Phy\SubGHz_Phy_Basic_LoRa\EWARM\SubGHz_Phy_Basic_LoRa\Obj\Drivers\BSP\STM32WLxx_Nucleo: [5]
    stm32wlxx_nucleo_radio.o       238
    ----------------------------------------------------
    Total:                         238

C:\STM32Cube_FW_WL_V1.2.0\Projects\NUCLEO-WL55JC\Applications\SubGHz_Phy\SubGHz_Phy_Basic_LoRa\EWARM\SubGHz_Phy_Basic_LoRa\Obj\Drivers\CMSIS: [6]
    system_stm32wlxx.o               2      161        4
    ----------------------------------------------------
    Total:                           2      161        4

C:\STM32Cube_FW_WL_V1.2.0\Projects\NUCLEO-WL55JC\Applications\SubGHz_Phy\SubGHz_Phy_Basic_LoRa\EWARM\SubGHz_Phy_Basic_LoRa\Obj\Drivers\STM32WLxx_HAL_Driver: [7]
    stm32wlxx_hal.o                 84        3       12
    stm32wlxx_hal_cortex.o         188
    stm32wlxx_hal_dma.o          1'160
    stm32wlxx_hal_gpio.o           694
    stm32wlxx_hal_pwr.o             28
    stm32wlxx_hal_pwr_ex.o          16
    stm32wlxx_hal_rcc.o          2'144
    stm32wlxx_hal_rcc_ex.o         432
    stm32wlxx_hal_rtc.o            906
    stm32wlxx_hal_rtc_ex.o         194
    stm32wlxx_hal_subghz.o       1'276
    stm32wlxx_hal_uart.o         3'864
    stm32wlxx_hal_uart_ex.o        466
    ----------------------------------------------------
    Total:                      11'452        3       12

C:\STM32Cube_FW_WL_V1.2.0\Projects\NUCLEO-WL55JC\Applications\SubGHz_Phy\SubGHz_Phy_Basic_LoRa\EWARM\SubGHz_Phy_Basic_LoRa\Obj\Middlewares\SubGHz_Phy: [8]
    radio.o                      5'001      133      401
    radio_driver.o               2'564      176       16
    radio_fw.o                      36
    ----------------------------------------------------
    Total:                       7'601      309      417

C:\STM32Cube_FW_WL_V1.2.0\Projects\NUCLEO-WL55JC\Applications\SubGHz_Phy\SubGHz_Phy_Basic_LoRa\EWARM\SubGHz_Phy_Basic_LoRa\Obj\Utilities: [9]
    stm32_adv_trace.o              624               792
    stm32_lpm.o                     76                 8
    stm32_mem.o                     36
    stm32_seq.o                    360       13       44
    stm32_systime.o                172
    stm32_timer.o                  620                 4
    stm32_tiny_vsnprintf.o         596       80
    ----------------------------------------------------
    Total:                       2'484       93      848

dl7M_tlf.a: [10]
    exit.o                           4
    low_level_init.o                 4
    ----------------------------------------------------
    Total:                           8

rt7M_tl.a: [11]
    ABImemclr4.o                     6
    ABImemcpy_small.o               24
    ABImemset48.o                   50
    ABImemset_small.o               18
    I64DivMod_small.o              262
    I64DivZer.o                      2
    cexit.o                         10
    cmain.o                         30
    cstartup_M.o                    28
    data_init.o                     40
    memset.o                        20
    packbits_init_single.o          58
    strlen_small.o                  20
    zero_init3.o                    56
    ----------------------------------------------------
    Total:                         624

shb_l.a: [12]
    exit.o                          20
    ----------------------------------------------------
    Total:                          20

    Gaps                            27        2        2
    Linker created                           32    2'048
--------------------------------------------------------
    Grand Total:                25'756      685    3'725


*******************************************************************************
*** ENTRY LIST
***

Entry                       Address   Size  Type      Object
-----                       -------   ----  ----      ------
.iar.init_table$$Base    0x800'6580          --   Gb  - Linker created -
.iar.init_table$$Limit   0x800'65a0          --   Gb  - Linker created -
?main                    0x800'65c1         Code  Gb  cmain.o [11]
ADV_TRACE_Buffer        0x2000'0068  0x200  Data  Lc  stm32_adv_trace.o [9]
ADV_TRACE_Ctx           0x2000'0050   0x18  Data  Lc  stm32_adv_trace.o [9]
AHBPrescTable            0x800'63d0   0x40  Data  Gb  system_stm32wlxx.o [6]
APBPrescTable            0x800'65a0   0x20  Data  Gb  system_stm32wlxx.o [6]
BSP_RADIO_ConfigRFSwitch
                         0x800'3335   0x4e  Code  Gb  stm32wlxx_nucleo_radio.o [5]
BSP_RADIO_GetRFOMaxPowerConfig
                         0x800'3399    0xa  Code  Gb  stm32wlxx_nucleo_radio.o [5]
BSP_RADIO_GetTxConfig    0x800'338d    0x4  Code  Gb  stm32wlxx_nucleo_radio.o [5]
BSP_RADIO_Init           0x800'32cb   0x54  Code  Gb  stm32wlxx_nucleo_radio.o [5]
BSP_RADIO_IsDCDC         0x800'3395    0x4  Code  Gb  stm32wlxx_nucleo_radio.o [5]
BSP_RADIO_IsTCXO         0x800'3391    0x4  Code  Gb  stm32wlxx_nucleo_radio.o [5]
Bandwidths               0x800'0840    0x4  Data  Gb  radio.o [8]
Buffer                  0x2000'003c    0xc  Data  Gb  subghz_phy_app.o [3]
BufferSize              0x2000'0038    0x2  Data  Gb  subghz_phy_app.o [3]
BusFault_Handler         0x800'6457    0x2  Code  Gb  stm32wlxx_it.o [2]
CSTACK$$Base            0x2000'0690          --   Gb  - Linker created -
CSTACK$$Limit           0x2000'0e90          --   Gb  - Linker created -
CurrentTaskIdx          0x2000'001c    0x4  Data  Lc  stm32_seq.o [9]
DBG_Init                 0x800'2b83   0x6c  Code  Gb  sys_debug.o [2]
DMA1_Channel5_IRQHandler
                         0x800'6475    0x6  Code  Gb  stm32wlxx_it.o [2]
DMA_CalcDMAMUXChannelBaseAndMask
                         0x800'5ef1   0x4c  Code  Lc  stm32wlxx_hal_dma.o [7]
DMA_CalcDMAMUXRequestGenBaseAndMask
                         0x800'5f3d   0x20  Code  Lc  stm32wlxx_hal_dma.o [7]
DMA_SetConfig            0x800'5eb9   0x38  Code  Lc  stm32wlxx_hal_dma.o [7]
DebugMon_Handler         0x800'645d    0x2  Code  Gb  stm32wlxx_it.o [2]
EXTI0_IRQHandler         0x800'6469    0x6  Code  Gb  stm32wlxx_it.o [2]
EXTI1_IRQHandler         0x800'646f    0x6  Code  Gb  stm32wlxx_it.o [2]
EXTI9_5_IRQHandler       0x800'647b    0x6  Code  Gb  stm32wlxx_it.o [2]
Error_Handler            0x800'31f5    0x4  Code  Gb  main.o [2]
EvtSet                  0x2000'0014    0x4  Data  Lc  stm32_seq.o [9]
EvtWaited               0x2000'0018    0x4  Data  Lc  stm32_seq.o [9]
FrequencyError          0x2000'066c    0x4  Data  Gb  radio_driver.o [8]
FskBandwidths            0x800'629c   0xb0  Data  Lc  radio_driver.o [8]
GetTimerTicks            0x800'30df   0x1c  Code  Lc  timer_if.o [2]
HAL_DBGMCU_DisableDBGSleepMode
                         0x800'3417    0x4  Code  Gb  stm32wlxx_hal.o [7]
HAL_DBGMCU_DisableDBGStandbyMode
                         0x800'3427    0xc  Code  Gb  stm32wlxx_hal.o [7]
HAL_DBGMCU_DisableDBGStopMode
                         0x800'341b    0xc  Code  Gb  stm32wlxx_hal.o [7]
HAL_DMA_Abort            0x800'5ce9   0x68  Code  Gb  stm32wlxx_hal_dma.o [7]
HAL_DMA_Abort_IT         0x800'5d51   0x6c  Code  Gb  stm32wlxx_hal_dma.o [7]
HAL_DMA_ConfigChannelAttributes
                         0x800'5e99   0x20  Code  Gb  stm32wlxx_hal_dma.o [7]
HAL_DMA_DeInit           0x800'5b9f   0x72  Code  Gb  stm32wlxx_hal_dma.o [7]
HAL_DMA_IRQHandler       0x800'5dc7   0xd2  Code  Gb  stm32wlxx_hal_dma.o [7]
HAL_DMA_Init             0x800'5b0d   0x92  Code  Gb  stm32wlxx_hal_dma.o [7]
HAL_DMA_Start_IT         0x800'5c5d   0x8c  Code  Gb  stm32wlxx_hal_dma.o [7]
HAL_Delay                0x800'1fa9    0xc  Code  Gb  sys_app.o [2]
HAL_GPIO_DeInit          0x800'35d3   0xee  Code  Gb  stm32wlxx_hal_gpio.o [7]
HAL_GPIO_EXTI_IRQHandler
                         0x800'36cb   0x12  Code  Gb  stm32wlxx_hal_gpio.o [7]
HAL_GPIO_Init            0x800'3445  0x18e  Code  Gb  stm32wlxx_hal_gpio.o [7]
HAL_GPIO_WritePin        0x800'36c1    0xa  Code  Gb  stm32wlxx_hal_gpio.o [7]
HAL_GetTick              0x800'1f91   0x10  Code  Gb  sys_app.o [2]
HAL_Init                 0x800'33f1   0x26  Code  Gb  stm32wlxx_hal.o [7]
HAL_InitTick             0x800'1f8d    0x4  Code  Gb  sys_app.o [2]
HAL_MspInit              0x800'45b5    0x2  Code  Gb  stm32wlxx_hal_msp.o [2]
HAL_NVIC_DisableIRQ      0x800'327f   0x1e  Code  Gb  stm32wlxx_hal_cortex.o [7]
HAL_NVIC_EnableIRQ       0x800'3269   0x16  Code  Gb  stm32wlxx_hal_cortex.o [7]
HAL_NVIC_SetPriority     0x800'322d   0x3a  Code  Gb  stm32wlxx_hal_cortex.o [7]
HAL_NVIC_SetPriorityGrouping
                         0x800'3213   0x1a  Code  Gb  stm32wlxx_hal_cortex.o [7]
HAL_PWREx_GetVoltageRange
                         0x800'4a6d    0xc  Code  Gb  stm32wlxx_hal_pwr_ex.o [7]
HAL_PWR_DisableBkUpAccess
                         0x800'3c39    0xc  Code  Gb  stm32wlxx_hal_pwr.o [7]
HAL_PWR_EnableBkUpAccess
                         0x800'3c2d    0xc  Code  Gb  stm32wlxx_hal_pwr.o [7]
HAL_RCCEx_PeriphCLKConfig
                         0x800'45f5  0x162  Code  Gb  stm32wlxx_hal_rcc_ex.o [7]
HAL_RCC_ClockConfig      0x800'41f5  0x1ae  Code  Gb  stm32wlxx_hal_rcc.o [7]
HAL_RCC_GetHCLKFreq      0x800'447b    0xa  Code  Gb  stm32wlxx_hal_rcc.o [7]
HAL_RCC_GetPCLK1Freq     0x800'4497   0x10  Code  Gb  stm32wlxx_hal_rcc.o [7]
HAL_RCC_GetPCLK2Freq     0x800'44a7    0xe  Code  Gb  stm32wlxx_hal_rcc.o [7]
HAL_RCC_GetSysClockFreq
                         0x800'43bb   0xc0  Code  Gb  stm32wlxx_hal_rcc.o [7]
HAL_RCC_OscConfig        0x800'3d63  0x462  Code  Gb  stm32wlxx_hal_rcc.o [7]
HAL_RTCEx_AlarmBEventCallback
                         0x800'4769    0x2  Code  Wk  stm32wlxx_hal_rtc_ex.o [7]
HAL_RTCEx_BKUPRead       0x800'3c11    0xa  Code  Gb  stm32wlxx_hal_rtc_ex.o [7]
HAL_RTCEx_BKUPWrite      0x800'3c07    0xa  Code  Gb  stm32wlxx_hal_rtc_ex.o [7]
HAL_RTCEx_EnableBypassShadow
                         0x800'3b7d   0x2a  Code  Gb  stm32wlxx_hal_rtc_ex.o [7]
HAL_RTCEx_SSRUEventCallback
                         0x800'3081    0xe  Code  Gb  timer_if.o [2]
HAL_RTCEx_SSRUIRQHandler
                         0x800'3be9   0x16  Code  Gb  stm32wlxx_hal_rtc_ex.o [7]
HAL_RTCEx_SetSSRU_IT     0x800'3ba7   0x36  Code  Gb  stm32wlxx_hal_rtc_ex.o [7]
HAL_RTC_AlarmAEventCallback
                         0x800'307d    0x4  Code  Gb  timer_if.o [2]
HAL_RTC_AlarmIRQHandler
                         0x800'3a53   0x30  Code  Gb  stm32wlxx_hal_rtc.o [7]
HAL_RTC_DeactivateAlarm
                         0x800'39e9   0x6a  Code  Gb  stm32wlxx_hal_rtc.o [7]
HAL_RTC_Init             0x800'37e1   0x96  Code  Gb  stm32wlxx_hal_rtc.o [7]
HAL_RTC_MspInit          0x800'3763   0x70  Code  Gb  rtc.o [2]
HAL_RTC_SetAlarm_IT      0x800'3877   0x8c  Code  Gb  stm32wlxx_hal_rtc.o [7]
HAL_RTC_WaitForSynchro   0x800'3a83   0x2e  Code  Gb  stm32wlxx_hal_rtc.o [7]
HAL_SUBGHZ_CADStatusCallback
                         0x800'1dc7   0x16  Code  Gb  radio_driver.o [8]
HAL_SUBGHZ_CRCErrorCallback
                         0x800'1dbf    0x8  Code  Gb  radio_driver.o [8]
HAL_SUBGHZ_ExecGetCmd    0x800'2823   0x40  Code  Gb  stm32wlxx_hal_subghz.o [7]
HAL_SUBGHZ_ExecSetCmd    0x800'27c1   0x62  Code  Gb  stm32wlxx_hal_subghz.o [7]
HAL_SUBGHZ_HeaderErrorCallback
                         0x800'1de7    0x8  Code  Gb  radio_driver.o [8]
HAL_SUBGHZ_HeaderValidCallback
                         0x800'1dff    0x8  Code  Gb  radio_driver.o [8]
HAL_SUBGHZ_IRQHandler    0x800'295d   0x96  Code  Gb  stm32wlxx_hal_subghz.o [7]
HAL_SUBGHZ_Init          0x800'2671   0x96  Code  Gb  stm32wlxx_hal_subghz.o [7]
HAL_SUBGHZ_MspInit       0x800'2515   0x2a  Code  Gb  subghz.o [2]
HAL_SUBGHZ_PreambleDetectedCallback
                         0x800'1def    0x8  Code  Gb  radio_driver.o [8]
HAL_SUBGHZ_ReadBuffer    0x800'2907   0x4a  Code  Gb  stm32wlxx_hal_subghz.o [7]
HAL_SUBGHZ_ReadRegisters
                         0x800'2763   0x52  Code  Gb  stm32wlxx_hal_subghz.o [7]
HAL_SUBGHZ_RxCpltCallback
                         0x800'1db7    0x8  Code  Gb  radio_driver.o [8]
HAL_SUBGHZ_RxTxTimeoutCallback
                         0x800'1ddd    0xa  Code  Gb  radio_driver.o [8]
HAL_SUBGHZ_SyncWordValidCallback
                         0x800'1df7    0x8  Code  Gb  radio_driver.o [8]
HAL_SUBGHZ_TxCpltCallback
                         0x800'1daf    0x8  Code  Gb  radio_driver.o [8]
HAL_SUBGHZ_WriteBuffer   0x800'28a1   0x4c  Code  Gb  stm32wlxx_hal_subghz.o [7]
HAL_SUBGHZ_WriteRegisters
                         0x800'2707   0x5c  Code  Gb  stm32wlxx_hal_subghz.o [7]
HAL_UARTEx_EnableFifoMode
                         0x800'615f   0x42  Code  Gb  stm32wlxx_hal_uart_ex.o [7]
HAL_UARTEx_EnableStopMode
                         0x800'612f   0x28  Code  Gb  stm32wlxx_hal_uart_ex.o [7]
HAL_UARTEx_RxFifoFullCallback
                         0x800'608b    0x2  Code  Wk  stm32wlxx_hal_uart_ex.o [7]
HAL_UARTEx_SetRxFifoThreshold
                         0x800'61b7   0x14  Code  Gb  stm32wlxx_hal_uart_ex.o [7]
HAL_UARTEx_SetTxFifoThreshold
                         0x800'61a1   0x16  Code  Gb  stm32wlxx_hal_uart_ex.o [7]
HAL_UARTEx_StopModeWakeUpSourceConfig
                         0x800'6091   0x86  Code  Gb  stm32wlxx_hal_uart_ex.o [7]
HAL_UARTEx_TxFifoEmptyCallback
                         0x800'6089    0x2  Code  Wk  stm32wlxx_hal_uart_ex.o [7]
HAL_UARTEx_WakeupCallback
                         0x800'5f99    0x2  Code  Wk  stm32wlxx_hal_uart_ex.o [7]
HAL_UART_IRQHandler      0x800'4c0d  0x2ae  Code  Gb  stm32wlxx_hal_uart.o [7]
HAL_UART_Init            0x800'4a81   0x30  Code  Gb  stm32wlxx_hal_uart.o [7]
HAL_UART_MspDeInit       0x800'5abd   0x32  Code  Gb  usart.o [2]
HAL_UART_MspInit         0x800'59f3   0xca  Code  Gb  usart.o [2]
HAL_UART_Receive_IT      0x800'4b01   0x28  Code  Gb  stm32wlxx_hal_uart.o [7]
HAL_UART_RxCpltCallback
                         0x800'603d   0x30  Code  Gb  usart_if.o [2]
HAL_UART_Transmit_DMA    0x800'4b29   0x8a  Code  Gb  stm32wlxx_hal_uart.o [7]
HAL_UART_TxCpltCallback
                         0x800'602b   0x12  Code  Gb  usart_if.o [2]
HardFault_Handler        0x800'6453    0x2  Code  Gb  stm32wlxx_it.o [2]
ImageCalibrated         0x2000'0661    0x1  Data  Lc  radio_driver.o [8]
LL_AHB1_GRP1_EnableClock
                         0x800'625d   0x16  Code  Lc  dma.o [2]
LL_AHB2_GRP1_EnableClock
                         0x800'3c49   0x16  Code  Lc  gpio.o [2]
LL_AHB2_GRP1_EnableClock
                         0x800'32b5   0x16  Code  Lc  stm32wlxx_nucleo_radio.o [5]
LL_AHB2_GRP1_EnableClock
                         0x800'2b6d   0x16  Code  Lc  sys_debug.o [2]
LL_RCC_GetAHB3Prescaler
                         0x800'3d55    0xe  Code  Lc  stm32wlxx_hal_rcc.o [7]
LL_RCC_SetI2CClockSource
                         0x800'45c7   0x14  Code  Lc  stm32wlxx_hal_rcc_ex.o [7]
LL_RCC_SetLPTIMClockSource
                         0x800'45e1   0x14  Code  Lc  stm32wlxx_hal_rcc_ex.o [7]
LL_RCC_SetUSARTClockSource
                         0x800'45b9    0xe  Code  Lc  stm32wlxx_hal_rcc_ex.o [7]
LL_RTC_TIME_GetSubSecond
                         0x800'2f59    0x4  Code  Lc  timer_if.o [2]
LoRaHeaderType          0x2000'0669    0x1  Data  Lc  radio_driver.o [8]
MSIRangeTable            0x800'6410   0x40  Data  Gb  system_stm32wlxx.o [6]
MX_DMA_Init              0x800'6279   0x22  Code  Gb  dma.o [2]
MX_GPIO_Init             0x800'3c5f   0xbc  Code  Gb  gpio.o [2]
MX_RTC_Init              0x800'36f9   0x6a  Code  Gb  rtc.o [2]
MX_SUBGHZ_Init           0x800'24fd   0x18  Code  Gb  subghz.o [2]
MX_SubGHz_Phy_Init       0x800'3d3f    0xe  Code  Gb  app_subghz_phy.o [3]
MX_SubGHz_Phy_Process    0x800'3d4d    0x8  Code  Gb  app_subghz_phy.o [3]
MX_USART2_UART_Init      0x800'5995   0x5e  Code  Gb  usart.o [2]
MaxPayloadLength        0x2000'004c    0x1  Data  Lc  radio.o [8]
MemManage_Handler        0x800'6455    0x2  Code  Gb  stm32wlxx_it.o [2]
NMI_Handler              0x800'6451    0x2  Code  Gb  stm32wlxx_it.o [2]
OffModeDisable          0x2000'0674    0x4  Data  Lc  stm32_lpm.o [9]
OnRxDone                 0x800'482d   0x4c  Code  Lc  subghz_phy_app.o [3]
OnRxError                0x800'48a1    0x2  Code  Lc  subghz_phy_app.o [3]
OnRxTimeout              0x800'489d    0x2  Code  Lc  subghz_phy_app.o [3]
OnTxDone                 0x800'480d   0x14  Code  Lc  subghz_phy_app.o [3]
OnTxTimeout              0x800'4899    0x2  Code  Lc  subghz_phy_app.o [3]
OperatingMode           0x2000'0660    0x1  Data  Lc  radio_driver.o [8]
PacketType              0x2000'0668    0x1  Data  Lc  radio_driver.o [8]
PendSV_Handler           0x800'645f    0x2  Code  Gb  stm32wlxx_it.o [2]
RBI_ConfigRFSwitch       0x800'254d    0x4  Code  Gb  radio_board_if.o [4]
RBI_GetRFOMaxPowerConfig
                         0x800'255d    0x4  Code  Gb  radio_board_if.o [4]
RBI_GetTxConfig          0x800'2551    0x4  Code  Gb  radio_board_if.o [4]
RBI_Init                 0x800'2549    0x4  Code  Gb  radio_board_if.o [4]
RBI_IsDCDC               0x800'2559    0x4  Code  Gb  radio_board_if.o [4]
RBI_IsTCXO               0x800'2555    0x4  Code  Gb  radio_board_if.o [4]
RCC_SetFlashLatency::FLASH_CLK_SRC_RANGE_VOS1
                         0x800'4598    0x8  Data  Lc  stm32wlxx_hal_rcc.o [7]
RCC_SetFlashLatency::FLASH_CLK_SRC_RANGE_VOS2
                         0x800'45a0    0x8  Data  Lc  stm32wlxx_hal_rcc.o [7]
RCC_SetFlashLatency::FLASH_LATENCY_RANGE
                         0x800'45a8    0xc  Data  Lc  stm32wlxx_hal_rcc.o [7]
RCC_SetFlashLatencyFromMSIRange
                         0x800'44c5   0x92  Code  Lc  stm32wlxx_hal_rcc.o [7]
RFW_DeInit               0x800'223b    0x2  Code  Gb  radio_fw.o [8]
RFW_DeInit_TxLongPacket
                         0x800'224b    0x2  Code  Gb  radio_fw.o [8]
RFW_Init                 0x800'2239    0x2  Code  Gb  radio_fw.o [8]
RFW_Is_Init              0x800'223d    0x4  Code  Gb  radio_fw.o [8]
RFW_Is_LongPacketModeEnabled
                         0x800'2241    0x4  Code  Gb  radio_fw.o [8]
RFW_ReceiveInit          0x800'2249    0x2  Code  Gb  radio_fw.o [8]
RFW_ReceiveLongPacket    0x800'2231    0x2  Code  Gb  radio_fw.o [8]
RFW_ReceivePayload       0x800'224d    0x2  Code  Gb  radio_fw.o [8]
RFW_SetAntSwitch         0x800'2245    0x2  Code  Gb  radio_fw.o [8]
RFW_SetRadioModem        0x800'224f    0x2  Code  Gb  radio_fw.o [8]
RFW_TransmitInit         0x800'2247    0x2  Code  Gb  radio_fw.o [8]
RFW_TransmitLongPacket   0x800'222d    0x2  Code  Gb  radio_fw.o [8]
RTC_Alarm_IRQHandler     0x800'6487    0x6  Code  Gb  stm32wlxx_it.o [2]
RTC_ByteToBcd2           0x800'3b55   0x16  Code  Gb  stm32wlxx_hal_rtc.o [7]
RTC_EnterInitMode        0x800'3ab1   0x42  Code  Gb  stm32wlxx_hal_rtc.o [7]
RTC_ExitInitMode         0x800'3af3   0x4c  Code  Gb  stm32wlxx_hal_rtc.o [7]
RTC_Initialized         0x2000'0678    0x1  Data  Lc  timer_if.o [2]
Radio                    0x800'634c   0x84  Data  Gb  radio.o [8]
RadioBuffer             0x2000'0368  0x100  Data  Lc  radio.o [8]
RadioCheckRfFrequency    0x800'0719    0x4  Code  Lc  radio.o [8]
RadioEvents             0x2000'04c4    0x4  Data  Lc  radio.o [8]
RadioEvents             0x2000'0620   0x1c  Data  Lc  subghz_phy_app.o [3]
RadioGetStatus           0x800'01bb   0x24  Code  Lc  radio.o [8]
RadioGetWakeupTime       0x800'0bcd    0xa  Code  Lc  radio.o [8]
RadioInit                0x800'0139   0x82  Code  Lc  radio.o [8]
RadioIrqProcess          0x800'0daf  0x188  Code  Lc  radio.o [8]
RadioIsChannelFree       0x800'0249   0xf2  Code  Lc  radio.o [8]
RadioOnDioIrq            0x800'0c01  0x186  Code  Lc  radio.o [8]
RadioOnDioIrqCb         0x2000'0664    0x4  Data  Lc  radio_driver.o [8]
RadioOnRxTimeoutIrq      0x800'0bed   0x12  Code  Lc  radio.o [8]
RadioOnTxTimeoutIrq      0x800'0bd9   0x12  Code  Lc  radio.o [8]
RadioRandom              0x800'033b   0x16  Code  Lc  radio.o [8]
RadioRead                0x800'0b5b    0x4  Code  Lc  radio.o [8]
RadioReadRegisters       0x800'0b63    0x4  Code  Lc  radio.o [8]
RadioRssi                0x800'0b53    0x4  Code  Lc  radio.o [8]
RadioRx                  0x800'0a21   0x42  Code  Lc  radio.o [8]
RadioRxBoosted           0x800'0a71   0x42  Code  Lc  radio.o [8]
RadioSend                0x800'0845  0x1b0  Code  Lc  radio.o [8]
RadioSetChannel          0x800'0245    0x4  Code  Lc  radio.o [8]
RadioSetMaxPayloadLength
                         0x800'0b67   0x24  Code  Lc  radio.o [8]
RadioSetModem            0x800'01e1   0x64  Code  Lc  radio.o [8]
RadioSetPublicNetwork    0x800'0b8b   0x32  Code  Lc  radio.o [8]
RadioSetRxConfig         0x800'0351  0x234  Code  Lc  radio.o [8]
RadioSetRxDutyCycle      0x800'0acb   0x30  Code  Lc  radio.o [8]
RadioSetRxGenericConfig
                         0x800'1041  0x1ba  Code  Lc  radio.o [8]
RadioSetTxConfig         0x800'05b9  0x130  Code  Lc  radio.o [8]
RadioSetTxContinuousWave
                         0x800'0b1b   0x38  Code  Lc  radio.o [8]
RadioSetTxGenericConfig
                         0x800'120d  0x1f2  Code  Lc  radio.o [8]
RadioSleep               0x800'09fd   0x10  Code  Lc  radio.o [8]
RadioStandby             0x800'0a1b    0x6  Code  Lc  radio.o [8]
RadioStartCad            0x800'0afb   0x20  Code  Lc  radio.o [8]
RadioTimeOnAir           0x800'071d  0x124  Code  Lc  radio.o [8]
RadioTxCw                0x800'102f   0x12  Code  Lc  radio.o [8]
RadioTxPrbs              0x800'1001   0x28  Code  Lc  radio.o [8]
RadioWrite               0x800'0b57    0x4  Code  Lc  radio.o [8]
RadioWriteRegisters      0x800'0b5f    0x4  Code  Lc  radio.o [8]
Radio_SMPS_Set           0x800'1e07   0x28  Code  Lc  radio_driver.o [8]
Region$$Table$$Base      0x800'6580          --   Gb  - Linker created -
Region$$Table$$Limit     0x800'65a0          --   Gb  - Linker created -
RtcTimerContext         0x2000'067c    0x4  Data  Lc  timer_if.o [2]
RxCpltCallback          0x2000'0680    0x4  Data  Lc  usart_if.o [2]
RxTimeoutTimer          0x2000'04e0   0x18  Data  Gb  radio.o [8]
Rx_Process               0x800'47e9   0x22  Code  Lc  subghz_phy_app.o [3]
SEQ_BitPosition          0x800'4a29   0x34  Code  Gb  stm32_seq.o [9]
SEQ_clz_table_4bit       0x800'4a5c   0x10  Data  Gb  stm32_seq.o [9]
SUBGHZSPI_Init           0x800'29f3   0x20  Code  Gb  stm32wlxx_hal_subghz.o [7]
SUBGHZSPI_Receive        0x800'2a6f   0x56  Code  Gb  stm32wlxx_hal_subghz.o [7]
SUBGHZSPI_Transmit       0x800'2a13   0x54  Code  Gb  stm32wlxx_hal_subghz.o [7]
SUBGHZ_CheckDeviceReady
                         0x800'2ad7   0x34  Code  Gb  stm32wlxx_hal_subghz.o [7]
SUBGHZ_Radio_IRQHandler
                         0x800'648d    0x6  Code  Gb  stm32wlxx_it.o [2]
SUBGHZ_WaitOnBusy        0x800'2b0b   0x42  Code  Gb  stm32wlxx_hal_subghz.o [7]
SUBGRF_Calibrate         0x800'1809   0x1c  Code  Gb  radio_driver.o [8]
SUBGRF_CalibrateImage    0x800'1825   0x64  Code  Gb  radio_driver.o [8]
SUBGRF_GetCFO            0x800'1e5d   0x70  Code  Gb  radio_driver.o [8]
SUBGRF_GetFskBandwidthRegValue
                         0x800'1e2f   0x2a  Code  Gb  radio_driver.o [8]
SUBGRF_GetOperatingMode
                         0x800'155b    0x8  Code  Gb  radio_driver.o [8]
SUBGRF_GetPacketStatus   0x800'1c6b   0x70  Code  Gb  radio_driver.o [8]
SUBGRF_GetPayload        0x800'1563   0x2e  Code  Gb  radio_driver.o [8]
SUBGRF_GetRadioWakeUpTime
                         0x800'1dab    0x4  Code  Gb  radio_driver.o [8]
SUBGRF_GetRandom         0x800'162f   0x60  Code  Gb  radio_driver.o [8]
SUBGRF_GetRssiInst       0x800'1c1d   0x18  Code  Gb  radio_driver.o [8]
SUBGRF_GetRxBufferStatus
                         0x800'1c35   0x36  Code  Gb  radio_driver.o [8]
SUBGRF_Init              0x800'14fd   0x5e  Code  Gb  radio_driver.o [8]
SUBGRF_ReadBuffer        0x800'1d2b    0xc  Code  Gb  radio_driver.o [8]
SUBGRF_ReadCommand       0x800'1d53    0xc  Code  Lc  radio_driver.o [8]
SUBGRF_ReadRegister      0x800'1ce9   0x10  Code  Gb  radio_driver.o [8]
SUBGRF_ReadRegisters     0x800'1d0f    0xa  Code  Gb  radio_driver.o [8]
SUBGRF_SendPayload       0x800'1591   0x16  Code  Gb  radio_driver.o [8]
SUBGRF_SetBufferBaseAddress
                         0x800'1c0b   0x12  Code  Gb  radio_driver.o [8]
SUBGRF_SetCad            0x800'1781   0x16  Code  Gb  radio_driver.o [8]
SUBGRF_SetCrcPolynomial
                         0x800'15cf   0x16  Code  Gb  radio_driver.o [8]
SUBGRF_SetCrcSeed        0x800'15b9   0x16  Code  Gb  radio_driver.o [8]
SUBGRF_SetDioIrqParams   0x800'189f   0x36  Code  Gb  radio_driver.o [8]
SUBGRF_SetLoRaSymbNumTimeout
                         0x800'17b1   0x36  Code  Gb  radio_driver.o [8]
SUBGRF_SetModulationParams
                         0x800'1a61   0xb0  Code  Gb  radio_driver.o [8]
SUBGRF_SetPaConfig       0x800'1889   0x16  Code  Gb  radio_driver.o [8]
SUBGRF_SetPacketParams   0x800'1b39   0xd2  Code  Gb  radio_driver.o [8]
SUBGRF_SetPacketType     0x800'1943   0x20  Code  Gb  radio_driver.o [8]
SUBGRF_SetRegulatorMode
                         0x800'17e7   0x1c  Code  Gb  radio_driver.o [8]
SUBGRF_SetRfFrequency    0x800'18f7   0x42  Code  Gb  radio_driver.o [8]
SUBGRF_SetRfTxPower      0x800'1d85   0x26  Code  Gb  radio_driver.o [8]
SUBGRF_SetRx             0x800'16f7   0x12  Code  Gb  radio_driver.o [8]
SUBGRF_SetRxBoosted      0x800'1719   0x26  Code  Gb  radio_driver.o [8]
SUBGRF_SetRxDutyCycle    0x800'174b   0x36  Code  Gb  radio_driver.o [8]
SUBGRF_SetSleep          0x800'168f   0x30  Code  Gb  radio_driver.o [8]
SUBGRF_SetStandby        0x800'16bf   0x20  Code  Gb  radio_driver.o [8]
SUBGRF_SetStopRxTimerOnPreambleDetect
                         0x800'17a7    0xa  Code  Gb  radio_driver.o [8]
SUBGRF_SetSwitch         0x800'1d5f   0x26  Code  Gb  radio_driver.o [8]
SUBGRF_SetSyncWord       0x800'15a7   0x12  Code  Gb  radio_driver.o [8]
SUBGRF_SetTcxoMode       0x800'18d5   0x22  Code  Gb  radio_driver.o [8]
SUBGRF_SetTx             0x800'16df   0x18  Code  Gb  radio_driver.o [8]
SUBGRF_SetTxContinuousWave
                         0x800'1797    0x8  Code  Gb  radio_driver.o [8]
SUBGRF_SetTxInfinitePreamble
                         0x800'179f    0x8  Code  Gb  radio_driver.o [8]
SUBGRF_SetTxParams       0x800'1963   0xfc  Code  Gb  radio_driver.o [8]
SUBGRF_SetWhiteningSeed
                         0x800'15f7   0x38  Code  Gb  radio_driver.o [8]
SUBGRF_WriteBuffer       0x800'1d1f    0xc  Code  Gb  radio_driver.o [8]
SUBGRF_WriteCommand      0x800'1d47    0xc  Code  Lc  radio_driver.o [8]
SUBGRF_WriteRegister     0x800'1cdd    0xc  Code  Gb  radio_driver.o [8]
SUBGRF_WriteRegisters    0x800'1d03    0xc  Code  Gb  radio_driver.o [8]
SVC_Handler              0x800'645b    0x2  Code  Gb  stm32wlxx_it.o [2]
SYS_TimerInitialisedFlag
                        0x2000'0685    0x1  Data  Lc  sys_app.o [2]
StopModeDisable         0x2000'0670    0x4  Data  Lc  stm32_lpm.o [9]
SubgRf                  0x2000'0468   0x5c  Data  Gb  radio.o [8]
SubghzApp_Init           0x800'476d   0x7a  Code  Gb  subghz_phy_app.o [3]
SuperMask               0x2000'0010    0x4  Data  Lc  stm32_seq.o [9]
SysTick_Handler          0x800'6461    0x2  Code  Gb  stm32wlxx_it.o [2]
SysTimeAdd               0x800'2c45   0x3e  Code  Gb  stm32_systime.o [9]
SysTimeGet               0x800'2c95   0x32  Code  Gb  stm32_systime.o [9]
SystemApp_Init           0x800'1f01   0x44  Code  Gb  sys_app.o [2]
SystemClock_Config       0x800'316b   0x80  Code  Gb  main.o [2]
SystemCoreClock         0x2000'0048    0x4  Data  Gb  system_stm32wlxx.o [6]
SystemInit               0x800'6731    0x2  Code  Gb  system_stm32wlxx.o [6]
TAMP_STAMP_LSECSS_SSRU_IRQHandler
                         0x800'6463    0x6  Code  Gb  stm32wlxx_it.o [2]
TIMER_IF_BkUp_Read_MSBticks
                         0x800'30db    0x4  Code  Lc  timer_if.o [2]
TIMER_IF_BkUp_Read_Seconds
                         0x800'30c9    0x4  Code  Gb  timer_if.o [2]
TIMER_IF_BkUp_Read_SubSeconds
                         0x800'30cd    0x2  Code  Gb  timer_if.o [2]
TIMER_IF_BkUp_Write_MSBticks
                         0x800'30d5    0x6  Code  Lc  timer_if.o [2]
TIMER_IF_BkUp_Write_Seconds
                         0x800'30b9    0x6  Code  Gb  timer_if.o [2]
TIMER_IF_BkUp_Write_SubSeconds
                         0x800'30bf    0x4  Code  Gb  timer_if.o [2]
TIMER_IF_Convert_Tick2ms
                         0x800'3045   0x10  Code  Gb  timer_if.o [2]
TIMER_IF_Convert_ms2Tick
                         0x800'3037    0xe  Code  Gb  timer_if.o [2]
TIMER_IF_DelayMs         0x800'3055   0x28  Code  Gb  timer_if.o [2]
TIMER_IF_GetMinimumTimeout
                         0x800'3033    0x4  Code  Gb  timer_if.o [2]
TIMER_IF_GetTime         0x800'308f   0x2a  Code  Gb  timer_if.o [2]
TIMER_IF_GetTimerContext
                         0x800'300f    0x6  Code  Gb  timer_if.o [2]
TIMER_IF_GetTimerElapsedTime
                         0x800'3015    0xe  Code  Gb  timer_if.o [2]
TIMER_IF_GetTimerValue   0x800'3023   0x10  Code  Gb  timer_if.o [2]
TIMER_IF_Init            0x800'2f5d   0x3e  Code  Gb  timer_if.o [2]
TIMER_IF_SetTimerContext
                         0x800'3003    0xc  Code  Gb  timer_if.o [2]
TIMER_IF_StartTimer      0x800'2f9b   0x4a  Code  Gb  timer_if.o [2]
TIMER_IF_StopTimer       0x800'2fe5   0x1e  Code  Gb  timer_if.o [2]
TRACE_AllocateBufer      0x800'2455   0x58  Code  Lc  stm32_adv_trace.o [9]
TRACE_Lock               0x800'24ad   0x10  Code  Lc  stm32_adv_trace.o [9]
TRACE_Send               0x800'2361   0x70  Code  Lc  stm32_adv_trace.o [9]
TRACE_TxCpltCallback     0x800'23d5   0x80  Code  Lc  stm32_adv_trace.o [9]
TRACE_UnLock             0x800'24bd    0xe  Code  Lc  stm32_adv_trace.o [9]
TaskCb                  0x2000'0020    0xc  Data  Lc  stm32_seq.o [9]
TaskMask                0x2000'000c    0x4  Data  Lc  stm32_seq.o [9]
TaskPrio                0x2000'0000    0x8  Data  Lc  stm32_seq.o [9]
TaskSet                 0x2000'0008    0x4  Data  Lc  stm32_seq.o [9]
TimerExists              0x800'21a9   0x16  Code  Gb  stm32_timer.o [9]
TimerInsertNewHeadTimer
                         0x800'2211   0x10  Code  Gb  stm32_timer.o [9]
TimerInsertTimer         0x800'21eb   0x26  Code  Gb  stm32_timer.o [9]
TimerListHead           0x2000'0688    0x4  Data  Lc  stm32_timer.o [9]
TimerSetTimeout          0x800'21bf   0x2c  Code  Gb  stm32_timer.o [9]
TimestampNow             0x800'1f49   0x2a  Code  Lc  sys_app.o [2]
TxCpltCallback          0x2000'068c    0x4  Data  Lc  usart_if.o [2]
TxTimeoutTimer          0x2000'04c8   0x18  Data  Gb  radio.o [8]
UARTEx_SetNbDataToProcess
                         0x800'620d   0x3e  Code  Lc  stm32wlxx_hal_uart_ex.o [7]
UARTEx_SetNbDataToProcess::denominator
                         0x800'6254    0x8  Data  Lc  stm32wlxx_hal_uart_ex.o [7]
UARTEx_SetNbDataToProcess::numerator
                         0x800'624c    0x8  Data  Lc  stm32wlxx_hal_uart_ex.o [7]
UARTPrescTable           0x800'5180   0x18  Data  Gb  stm32wlxx_hal_uart.o [7]
UART_AdvFeatureConfig    0x800'5199   0xc6  Code  Gb  stm32wlxx_hal_uart.o [7]
UART_CheckIdleState      0x800'525f   0x5e  Code  Gb  stm32wlxx_hal_uart.o [7]
UART_DMAAbortOnError     0x800'55e9   0x12  Code  Lc  stm32wlxx_hal_uart.o [7]
UART_DMAError            0x800'5599   0x4e  Code  Lc  stm32wlxx_hal_uart.o [7]
UART_DMATransmitCplt     0x800'5551   0x40  Code  Lc  stm32wlxx_hal_uart.o [7]
UART_DMATxHalfCplt       0x800'5591    0x6  Code  Lc  stm32wlxx_hal_uart.o [7]
UART_EndRxTransfer       0x800'54dd   0x28  Code  Lc  stm32wlxx_hal_uart.o [7]
UART_EndTxTransfer       0x800'5499   0x16  Code  Lc  stm32wlxx_hal_uart.o [7]
UART_RxISR_16BIT         0x800'5661   0x4e  Code  Lc  stm32wlxx_hal_uart.o [7]
UART_RxISR_16BIT_FIFOEN
                         0x800'57d9   0x96  Code  Lc  stm32wlxx_hal_uart.o [7]
UART_RxISR_8BIT          0x800'5611   0x4e  Code  Lc  stm32wlxx_hal_uart.o [7]
UART_RxISR_8BIT_FIFOEN   0x800'572d   0x96  Code  Lc  stm32wlxx_hal_uart.o [7]
UART_SetConfig           0x800'4f2d  0x24a  Code  Gb  stm32wlxx_hal_uart.o [7]
UART_Start_Receive_IT    0x800'5375  0x118  Code  Gb  stm32wlxx_hal_uart.o [7]
UART_WaitOnFlagUntilTimeout
                         0x800'52bd   0x7a  Code  Gb  stm32wlxx_hal_uart.o [7]
USART2_IRQHandler        0x800'6481    0x6  Code  Gb  stm32wlxx_it.o [2]
UTIL_ADV_TRACE_COND_FSend
                         0x800'2297   0xa6  Code  Gb  stm32_adv_trace.o [9]
UTIL_ADV_TRACE_Init      0x800'2269   0x2e  Code  Gb  stm32_adv_trace.o [9]
UTIL_ADV_TRACE_PostSendHook
                         0x800'1f77    0x2  Code  Gb  sys_app.o [2]
UTIL_ADV_TRACE_PreSendHook
                         0x800'1f73    0x4  Code  Gb  sys_app.o [2]
UTIL_ADV_TRACE_RegisterTimeStampFunction
                         0x800'2355    0x6  Code  Gb  stm32_adv_trace.o [9]
UTIL_ADV_TRACE_SetVerboseLevel
                         0x800'235b    0x6  Code  Gb  stm32_adv_trace.o [9]
UTIL_LPM_Init            0x800'2bf9    0xa  Code  Gb  stm32_lpm.o [9]
UTIL_LPM_SetOffMode      0x800'2c13    0xe  Code  Gb  stm32_lpm.o [9]
UTIL_LPM_SetStopMode     0x800'2c03   0x10  Code  Gb  stm32_lpm.o [9]
UTIL_MEM_cpy_8           0x800'24d9   0x16  Code  Gb  stm32_mem.o [9]
UTIL_MEM_set_8           0x800'24ef    0xe  Code  Gb  stm32_mem.o [9]
UTIL_SEQ_Idle            0x800'1f45    0x2  Code  Gb  sys_app.o [2]
UTIL_SEQ_RegTask         0x800'49e9   0x1c  Code  Gb  stm32_seq.o [9]
UTIL_SEQ_Run             0x800'4909   0xe0  Code  Gb  stm32_seq.o [9]
UTIL_SEQ_SetTask         0x800'4a05   0x20  Code  Gb  stm32_seq.o [9]
UTIL_SYSTIMDriver        0x800'6624   0x14  Data  Gb  timer_if.o [2]
UTIL_TIMER_Create        0x800'1fcd   0x32  Code  Gb  stm32_timer.o [9]
UTIL_TIMER_GetCurrentTime
                         0x800'217d   0x10  Code  Gb  stm32_timer.o [9]
UTIL_TIMER_GetElapsedTime
                         0x800'218d   0x1c  Code  Gb  stm32_timer.o [9]
UTIL_TIMER_IRQ_Handler   0x800'2101   0x7c  Code  Gb  stm32_timer.o [9]
UTIL_TIMER_Init          0x800'1fc1    0xc  Code  Gb  stm32_timer.o [9]
UTIL_TIMER_SetPeriod     0x800'20d3   0x2e  Code  Gb  stm32_timer.o [9]
UTIL_TIMER_Start         0x800'1fff   0x78  Code  Gb  stm32_timer.o [9]
UTIL_TIMER_Stop          0x800'207d   0x56  Code  Gb  stm32_timer.o [9]
UTIL_TimerDriver         0x800'652c   0x2c  Data  Gb  timer_if.o [2]
UTIL_TraceDriver         0x800'6638   0x10  Data  Gb  usart_if.o [2]
UsageFault_Handler       0x800'6459    0x2  Code  Gb  stm32wlxx_it.o [2]
__NVIC_SetPriority       0x800'31f9   0x1a  Code  Lc  stm32wlxx_hal_cortex.o [7]
__aeabi_ldiv0            0x800'33a5         Code  Gb  I64DivZer.o [11]
__aeabi_memclr4          0x800'2669         Code  Gb  ABImemclr4.o [11]
__cmain                  0x800'65c1         Code  Gb  cmain.o [11]
__exit                   0x800'65f5   0x14  Code  Gb  exit.o [12]
__iar_Memset4_word       0x800'33a9         Code  Gb  ABImemset48.o [11]
__iar_Memset8_word       0x800'33a9         Code  Gb  ABImemset48.o [11]
__iar_data_init3         0x800'6559   0x28  Code  Gb  data_init.o [11]
__iar_packbits_init_single3
                         0x800'14c3   0x3a  Code  Gb  packbits_init_single.o [11]
__iar_program_start      0x800'6609         Code  Gb  cstartup_M.o [11]
__iar_small_Memcpy       0x800'2255         Code  Gb  ABImemcpy_small.o [11]
__iar_small_Memset       0x800'310d         Code  Gb  ABImemset_small.o [11]
__iar_small_Memset_word
                         0x800'310d         Code  Gb  ABImemset_small.o [11]
__iar_small_memcpy       0x800'2251         Code  Gb  ABImemcpy_small.o [11]
__iar_small_memcpy4      0x800'2251         Code  Gb  ABImemcpy_small.o [11]
__iar_small_memcpy8      0x800'2251         Code  Gb  ABImemcpy_small.o [11]
__iar_small_memset       0x800'310d         Code  Gb  ABImemset_small.o [11]
__iar_small_strlen       0x800'2cf1         Code  Gb  strlen_small.o [11]
__iar_small_uldivmod     0x800'2561         Code  Gb  I64DivMod_small.o [11]
__iar_zero_init3         0x800'64f5   0x38  Code  Gb  zero_init3.o [11]
__low_level_init         0x800'65df    0x4  Code  Gb  low_level_init.o [10]
__vector_table           0x800'0000         Data  Gb  startup_stm32wl55xx_cm4.o [1]
_call_main               0x800'65cd         Code  Gb  cmain.o [11]
_exit                    0x800'65e9         Code  Gb  cexit.o [11]
charRx                  0x2000'0684    0x1  Data  Gb  usart_if.o [2]
exit                     0x800'65e3    0x4  Code  Gb  exit.o [10]
hdma_usart2_tx          0x2000'0588   0x60  Data  Gb  usart.o [2]
hrtc                    0x2000'05e8   0x38  Data  Gb  rtc.o [2]
hsubghz                 0x2000'0654    0xc  Data  Gb  subghz.o [2]
huart2                  0x2000'04f8   0x90  Data  Gb  usart.o [2]
main                     0x800'3121   0x4a  Code  Gb  main.o [2]
memset                   0x800'33db   0x14  Code  Gb  memset.o [11]
sztmp                   0x2000'0268  0x100  Data  Lc  stm32_adv_trace.o [9]
timerTransmit           0x2000'063c   0x18  Data  Lc  subghz_phy_app.o [3]
tiny_snprintf_like       0x800'1f7f    0xe  Code  Lc  sys_app.o [2]
tiny_vsnprintf_like      0x800'2d05  0x242  Code  Gb  stm32_tiny_vsnprintf.o [9]
uwTick                  0x2000'0030    0x4  Data  Gb  stm32wlxx_hal.o [7]
uwTickFreq              0x2000'002c    0x1  Data  Gb  stm32wlxx_hal.o [7]
uwTickPrio              0x2000'0034    0x4  Data  Gb  stm32wlxx_hal.o [7]
vcom_DeInit              0x800'5fb9   0x24  Code  Gb  usart_if.o [2]
vcom_Init                0x800'5f9d   0x1c  Code  Gb  usart_if.o [2]
vcom_ReceiveInit         0x800'5fed   0x3e  Code  Gb  usart_if.o [2]
vcom_Trace_DMA           0x800'5fdd   0x10  Code  Gb  usart_if.o [2]


[1] = C:\STM32Cube_FW_WL_V1.2.0\Projects\NUCLEO-WL55JC\Applications\SubGHz_Phy\SubGHz_Phy_Basic_LoRa\EWARM\SubGHz_Phy_Basic_LoRa\Obj\Application\EWARM
[2] = C:\STM32Cube_FW_WL_V1.2.0\Projects\NUCLEO-WL55JC\Applications\SubGHz_Phy\SubGHz_Phy_Basic_LoRa\EWARM\SubGHz_Phy_Basic_LoRa\Obj\Application\User\Core
[3] = C:\STM32Cube_FW_WL_V1.2.0\Projects\NUCLEO-WL55JC\Applications\SubGHz_Phy\SubGHz_Phy_Basic_LoRa\EWARM\SubGHz_Phy_Basic_LoRa\Obj\Application\User\SubGHz_Phy\App
[4] = C:\STM32Cube_FW_WL_V1.2.0\Projects\NUCLEO-WL55JC\Applications\SubGHz_Phy\SubGHz_Phy_Basic_LoRa\EWARM\SubGHz_Phy_Basic_LoRa\Obj\Application\User\SubGHz_Phy\Target
[5] = C:\STM32Cube_FW_WL_V1.2.0\Projects\NUCLEO-WL55JC\Applications\SubGHz_Phy\SubGHz_Phy_Basic_LoRa\EWARM\SubGHz_Phy_Basic_LoRa\Obj\Drivers\BSP\STM32WLxx_Nucleo
[6] = C:\STM32Cube_FW_WL_V1.2.0\Projects\NUCLEO-WL55JC\Applications\SubGHz_Phy\SubGHz_Phy_Basic_LoRa\EWARM\SubGHz_Phy_Basic_LoRa\Obj\Drivers\CMSIS
[7] = C:\STM32Cube_FW_WL_V1.2.0\Projects\NUCLEO-WL55JC\Applications\SubGHz_Phy\SubGHz_Phy_Basic_LoRa\EWARM\SubGHz_Phy_Basic_LoRa\Obj\Drivers\STM32WLxx_HAL_Driver
[8] = C:\STM32Cube_FW_WL_V1.2.0\Projects\NUCLEO-WL55JC\Applications\SubGHz_Phy\SubGHz_Phy_Basic_LoRa\EWARM\SubGHz_Phy_Basic_LoRa\Obj\Middlewares\SubGHz_Phy
[9] = C:\STM32Cube_FW_WL_V1.2.0\Projects\NUCLEO-WL55JC\Applications\SubGHz_Phy\SubGHz_Phy_Basic_LoRa\EWARM\SubGHz_Phy_Basic_LoRa\Obj\Utilities
[10] = dl7M_tlf.a
[11] = rt7M_tl.a
[12] = shb_l.a

  25'756 bytes of readonly  code memory
     685 bytes of readonly  data memory
   3'725 bytes of readwrite data memory

Errors: none
Warnings: none
